<area shape="rect" href="$_driver_8cpp.html#67bcd2707af37356306209fed7385e6b" title="create_counting_maze" alt="" coords="105,56,263,83">
<area shape="rect" href="$_driver_8cpp.html#a9b0e260d52620e84c507c77f3616b12" title="create_standard_maze" alt="" coords="105,107,263,133">
<area shape="rect" href="$class_maze_game.html#b04131f5249557a63ff67ff077deacd1" title="MazeGame::CreateMaze" alt="" coords="337,81,508,108">
<area shape="rect" href="$class_counting_maze_builder.html#c7b5731a22ced78d752473a01891171b" title="CountingMazeBuilder::GetCounts" alt="" coords="312,31,533,57">
<area shape="rect" href="$class_maze_builder.html#19ba8fe4dc3fd01db4f3e6065bb1e095" title="MazeBuilder::BuildDoor" alt="" coords="585,5,748,32">
<area shape="rect" href="$class_maze_builder.html#3912efb4f9c228c60e23c4d35991f7df" title="MazeBuilder::BuildMaze" alt="" coords="584,56,749,83">
<area shape="rect" href="$class_maze_builder.html#c46fcd9ff35801edeb83ff48b27033fc" title="MazeBuilder::BuildRoom" alt="" coords="583,107,751,133">
<area shape="rect" href="$class_maze_builder.html#c0b3d461a5b49f7190e9f69150be5b20" title="MazeBuilder::GetMaze" alt="" coords="588,157,745,184">
<area shape="rect" href="$class_standard_maze_builder.html#a64367588ca6c7323c677b76d5f38f4f" title="StandardMazeBuilder::GetMaze" alt="" coords="317,132,528,159">
