<area shape="rect" href="$_map_site_8h.html" title="MapSite.h" alt="" coords="553,80,636,107">
<area shape="rect" href="$_maze_game_8h.html" title="MazeGame.h" alt="" coords="37,229,139,256">
<area shape="rect" href="$_object_array_8h.html" title="ObjectArray.h" alt="" coords="732,80,836,107">
<area shape="rect" href="$_object_array_8cpp.html" title="ObjectArray.cpp" alt="" coords="872,155,989,181">
<area shape="rect" href="$_object_8cpp.html" title="Object.cpp" alt="" coords="911,80,996,107">
<area shape="rect" href="$_object_link_8h.html" title="ObjectLink.h" alt="" coords="1020,80,1116,107">
<area shape="rect" href="$_wall_8h.html" title="Wall.h" alt="" coords="613,229,672,256">
<area shape="rect" href="$_maze_8h.html" title="Maze.h" alt="" coords="267,155,333,181">
<area shape="rect" href="$_room_8h.html" title="Room.h" alt="" coords="675,155,744,181">
<area shape="rect" href="$_door_8h.html" title="Door.h" alt="" coords="407,155,468,181">
<area shape="rect" href="$_map_site_8cpp.html" title="MapSite.cpp" alt="" coords="504,155,600,181">
<area shape="rect" href="$_bombed_wall_8h.html" title="BombedWall.h" alt="" coords="555,304,664,331">
<area shape="rect" href="$_builder_8cpp.html" title="Builder.cpp" alt="" coords="237,304,325,331">
<area shape="rect" href="$_maze_game_8cpp.html" title="MazeGame.cpp" alt="" coords="363,304,477,331">
<area shape="rect" href="$_wall_8cpp.html" title="Wall.cpp" alt="" coords="688,304,763,331">
<area shape="rect" href="$_bombed_wall_8cpp.html" title="BombedWall.cpp" alt="" coords="548,379,671,405">
<area shape="rect" href="$_builder_8h.html" title="Builder.h" alt="" coords="163,229,237,256">
<area shape="rect" href="$_driver_8cpp.html" title="Driver.cpp" alt="" coords="47,304,129,331">
<area shape="rect" href="$_maze_8cpp.html" title="Maze.cpp" alt="" coords="747,229,827,256">
<area shape="rect" href="$_door_8cpp.html" title="Door.cpp" alt="" coords="464,229,539,256">
<area shape="rect" href="$_room_8cpp.html" title="Room.cpp" alt="" coords="851,229,933,256">
<area shape="rect" href="$_object_link_8cpp.html" title="ObjectLink.cpp" alt="" coords="1013,155,1123,181">
