<area shape="rect" href="$class_object_array.html#183846a69ed8715657b5e400aca076a0" title="ObjectArray::FreeArray" alt="" coords="207,12,367,39">
<area shape="rect" href="$class_object_array.html#437ea816e0b745280772f5b49cdd3e04" title="ObjectArray::GetAt" alt="" coords="220,63,353,89">
<area shape="rect" href="$class_object_array.html#9e93a553c9e76563932d5abb2e438bde" title="ObjectArray::Print" alt="" coords="223,201,351,228">
<area shape="rect" href="$class_object_array.html#d80d4abdd06db8ec12b61443937c522e" title="ObjectArray::PutAt" alt="" coords="220,139,353,165">
<area shape="rect" href="$class_object_array.html#b49d27105a91c62ac47ccc6fae3c653e" title="ObjectArray::~ObjectArray" alt="" coords="197,252,376,279">
<area shape="rect" href="$class_room.html#4aeab088fd78ba74afbad48cab194451" title="Room::GetSide" alt="" coords="429,5,541,32">
<area shape="rect" href="$class_maze.html#98fbcca2c54e108e5b4bc4b0efbd4606" title="Maze::RoomNo" alt="" coords="428,56,543,83">
<area shape="rect" href="$class_standard_maze_builder.html#66fc95847058f39a126cdb2f0b9b468e" title="StandardMazeBuilder::BuildDoor" alt="" coords="599,56,815,83">
<area shape="rect" href="$class_standard_maze_builder.html#7c07cca5b8fbb619867be42d2e9571aa" title="StandardMazeBuilder::BuildRoom" alt="" coords="596,107,817,133">
<area shape="rect" href="$class_room.html#95a16ca5427a75ad9026d4dc8a1c29ae" title="Room::Print" alt="" coords="439,208,532,235">
<area shape="rect" href="$class_maze.html#51deac60162bb42cbc1d062b6979ca58" title="Maze::Print" alt="" coords="440,259,531,285">
<area shape="rect" href="$class_maze.html#1762552783e3bf23111808ed5904496b" title="Maze::AddRoom" alt="" coords="425,157,545,184">
<area shape="rect" href="$class_room.html#ed1e661541b595e9c3093486ca1b51af" title="Room::SetSide" alt="" coords="429,107,541,133">
