<area shape="rect" href="$_object_8h.html" title="Object.h" alt="" coords="257,80,329,107">
<area shape="rect" href="$_bombed_wall_8cpp.html" title="BombedWall.cpp" alt="" coords="1163,379,1285,405">
<area shape="rect" href="$_wall_8cpp.html" title="Wall.cpp" alt="" coords="1208,304,1283,331">
<area shape="rect" href="$_room_8h.html" title="Room.h" alt="" coords="744,229,813,256">
<area shape="rect" href="$global_8cpp.html" title="global.cpp" alt="" coords="1357,80,1440,107">
<area shape="rect" href="$_map_site_8h.html" title="MapSite.h" alt="" coords="524,155,607,181">
<area shape="rect" href="$_maze_game_8h.html" title="MazeGame.h" alt="" coords="136,304,237,331">
<area shape="rect" href="$_object_array_8h.html" title="ObjectArray.h" alt="" coords="365,155,469,181">
<area shape="rect" href="$_object_array_8cpp.html" title="ObjectArray.cpp" alt="" coords="5,229,123,256">
<area shape="rect" href="$_object_8cpp.html" title="Object.cpp" alt="" coords="51,155,136,181">
<area shape="rect" href="$_object_link_8h.html" title="ObjectLink.h" alt="" coords="160,155,256,181">
<area shape="rect" href="$_wall_8h.html" title="Wall.h" alt="" coords="1008,229,1067,256">
<area shape="rect" href="$_maze_8h.html" title="Maze.h" alt="" coords="451,229,517,256">
<area shape="rect" href="$_door_8h.html" title="Door.h" alt="" coords="596,229,657,256">
<area shape="rect" href="$_map_site_8cpp.html" title="MapSite.cpp" alt="" coords="331,229,427,256">
<area shape="rect" href="$_bombed_wall_8h.html" title="BombedWall.h" alt="" coords="1075,304,1184,331">
<area shape="rect" href="$_builder_8cpp.html" title="Builder.cpp" alt="" coords="508,379,596,405">
<area shape="rect" href="$_maze_game_8cpp.html" title="MazeGame.cpp" alt="" coords="329,379,444,405">
<area shape="rect" href="$_builder_8h.html" title="Builder.h" alt="" coords="312,304,387,331">
<area shape="rect" href="$_driver_8cpp.html" title="Driver.cpp" alt="" coords="145,379,228,405">
<area shape="rect" href="$_maze_8cpp.html" title="Maze.cpp" alt="" coords="512,304,592,331">
<area shape="rect" href="$_door_8cpp.html" title="Door.cpp" alt="" coords="667,304,741,331">
<area shape="rect" href="$_room_8cpp.html" title="Room.cpp" alt="" coords="867,304,949,331">
<area shape="rect" href="$_object_link_8cpp.html" title="ObjectLink.cpp" alt="" coords="147,229,256,256">
